
Memory Configuration

Name             Origin             Length             Attributes
flash            0x0000000008000000 0x0000000000020000 xr
sram             0x0000000020000000 0x0000000000005000 xrw
*default*        0x0000000000000000 0xffffffffffffffff

Linker script and memory map


.text           0x0000000008000000      0x148
 *(.vectors*)
 .vectors       0x0000000008000000       0x1c CortexM3_startup.o
                0x0000000008000000                vectors
 *(.text*)
 .text          0x000000000800001c       0x90 CortexM3_startup.o
                0x000000000800001c                H_Fault_Handler
                0x000000000800001c                Default_Hundler
                0x000000000800001c                MM_Fault_Handler
                0x000000000800001c                Usage_Fault_Handler
                0x0000000008000028                Reset_Hundler
 .text          0x00000000080000ac       0x90 main.o
                0x00000000080000ac                NMI_Handler
                0x00000000080000b8                Bus_Fault
                0x00000000080000c4                main
 *(.rodata*)
 .rodata        0x000000000800013c        0xc main.o
                0x000000000800013c                const_variavles
                0x0000000008000148                _E_TEXT = .

.glue_7         0x0000000008000148        0x0
 .glue_7        0x0000000008000148        0x0 linker stubs

.glue_7t        0x0000000008000148        0x0
 .glue_7t       0x0000000008000148        0x0 linker stubs

.vfp11_veneer   0x0000000008000148        0x0
 .vfp11_veneer  0x0000000008000148        0x0 linker stubs

.v4_bx          0x0000000008000148        0x0
 .v4_bx         0x0000000008000148        0x0 linker stubs

.iplt           0x0000000008000148        0x0
 .iplt          0x0000000008000148        0x0 CortexM3_startup.o

.rel.dyn        0x0000000008000148        0x0
 .rel.iplt      0x0000000008000148        0x0 CortexM3_startup.o

.data           0x0000000020000000       0x10 load address 0x0000000008000148
                0x0000000020000000                _S_DATA = .
 *(.data*)
 .data          0x0000000020000000        0x0 CortexM3_startup.o
 .data          0x0000000020000000       0x10 main.o
                0x0000000020000000                R_ODR
                0x0000000020000004                global_variables
                0x0000000020000010                . = ALIGN (0x4)
                0x0000000020000010                _E_DATA = .

.igot.plt       0x0000000020000010        0x0 load address 0x0000000008000158
 .igot.plt      0x0000000020000010        0x0 CortexM3_startup.o

.bss            0x0000000020000010     0x1000 load address 0x0000000008000158
                0x0000000020000010                _S_BSS = .
 *(.bss*)
 .bss           0x0000000020000010        0x0 CortexM3_startup.o
 .bss           0x0000000020000010        0x0 main.o
                0x0000000020000010                . = ALIGN (0x4)
                0x0000000020000010                _E_BSS = .
                0x0000000020000010                . = ALIGN (0x4)
                0x0000000020001010                . = (. + 0x1000)
 *fill*         0x0000000020000010     0x1000 
                0x0000000020001010                _STACK_TOP = .
LOAD CortexM3_startup.o
LOAD main.o
OUTPUT(Embedded_C_Lesson_3_Lab_2.elf elf32-littlearm)

.debug_info     0x0000000000000000      0x36e
 .debug_info    0x0000000000000000      0x19e CortexM3_startup.o
 .debug_info    0x000000000000019e      0x1d0 main.o

.debug_abbrev   0x0000000000000000      0x1e7
 .debug_abbrev  0x0000000000000000       0xd6 CortexM3_startup.o
 .debug_abbrev  0x00000000000000d6      0x111 main.o

.debug_loc      0x0000000000000000      0x13c
 .debug_loc     0x0000000000000000       0x7c CortexM3_startup.o
 .debug_loc     0x000000000000007c       0xc0 main.o

.debug_aranges  0x0000000000000000       0x40
 .debug_aranges
                0x0000000000000000       0x20 CortexM3_startup.o
 .debug_aranges
                0x0000000000000020       0x20 main.o

.debug_line     0x0000000000000000       0xf4
 .debug_line    0x0000000000000000       0x86 CortexM3_startup.o
 .debug_line    0x0000000000000086       0x6e main.o

.debug_str      0x0000000000000000      0x21b
 .debug_str     0x0000000000000000      0x1a7 CortexM3_startup.o
                                        0x1ce (size before relaxing)
 .debug_str     0x00000000000001a7       0x74 main.o
                                        0x1b1 (size before relaxing)

.comment        0x0000000000000000       0x7b
 .comment       0x0000000000000000       0x7b CortexM3_startup.o
                                         0x7c (size before relaxing)
 .comment       0x000000000000007b       0x7c main.o

.ARM.attributes
                0x0000000000000000       0x33
 .ARM.attributes
                0x0000000000000000       0x33 CortexM3_startup.o
 .ARM.attributes
                0x0000000000000033       0x33 main.o

.debug_frame    0x0000000000000000       0xbc
 .debug_frame   0x0000000000000000       0x50 CortexM3_startup.o
 .debug_frame   0x0000000000000050       0x6c main.o
