
Memory Configuration

Name             Origin             Length             Attributes
flash            0x0000000008000000 0x0000000000020000 xr
sram             0x0000000020000000 0x0000000000005000 xrw
*default*        0x0000000000000000 0xffffffffffffffff

Linker script and memory map


.text           0x0000000008000000       0x78
 *(.vectors*)
 *(.text*)
 .text          0x0000000008000000       0x78 main.o
                0x0000000008000000                main
 *(.rodata*)

.glue_7         0x0000000008000078        0x0
 .glue_7        0x0000000008000078        0x0 linker stubs

.glue_7t        0x0000000008000078        0x0
 .glue_7t       0x0000000008000078        0x0 linker stubs

.vfp11_veneer   0x0000000008000078        0x0
 .vfp11_veneer  0x0000000008000078        0x0 linker stubs

.v4_bx          0x0000000008000078        0x0
 .v4_bx         0x0000000008000078        0x0 linker stubs

.iplt           0x0000000008000078        0x0
 .iplt          0x0000000008000078        0x0 main.o

.rel.dyn        0x0000000008000078        0x0
 .rel.iplt      0x0000000008000078        0x0 main.o

.data           0x0000000008000078        0x4
 *(.data*)
 .data          0x0000000008000078        0x4 main.o
                0x0000000008000078                R_ODR

.igot.plt       0x000000000800007c        0x0
 .igot.plt      0x000000000800007c        0x0 main.o

.bss            0x0000000020000000        0x0
 *(.bss*)
 .bss           0x0000000020000000        0x0 main.o
LOAD main.o
OUTPUT(Ziad.elf elf32-littlearm)

.debug_info     0x0000000000000000      0x12d
 .debug_info    0x0000000000000000      0x12d main.o

.debug_abbrev   0x0000000000000000       0xd3
 .debug_abbrev  0x0000000000000000       0xd3 main.o

.debug_loc      0x0000000000000000       0x38
 .debug_loc     0x0000000000000000       0x38 main.o

.debug_aranges  0x0000000000000000       0x20
 .debug_aranges
                0x0000000000000000       0x20 main.o

.debug_line     0x0000000000000000       0x67
 .debug_line    0x0000000000000000       0x67 main.o

.debug_str      0x0000000000000000      0x14f
 .debug_str     0x0000000000000000      0x14f main.o
                                        0x16d (size before relaxing)

.comment        0x0000000000000000       0x7b
 .comment       0x0000000000000000       0x7b main.o
                                         0x7c (size before relaxing)

.ARM.attributes
                0x0000000000000000       0x33
 .ARM.attributes
                0x0000000000000000       0x33 main.o

.debug_frame    0x0000000000000000       0x2c
 .debug_frame   0x0000000000000000       0x2c main.o
