
Allocating common symbols
Common symbol       size              file

Current_Alarm_State
                    0x4               AlarmMonitor.o

Memory Configuration

Name             Origin             Length             Attributes
flash            0x0000000008000000 0x0000000000020000 xr
sram             0x0000000020000000 0x0000000000005000 xrw
*default*        0x0000000000000000 0xffffffffffffffff

Linker script and memory map


.text           0x0000000008000000      0x248
 *(.vectors*)
 .vectors       0x0000000008000000       0x1c startup.o
                0x0000000008000000                g_p_fn_vectors
 *(.text*)
 .text          0x000000000800001c       0x9c AlarmMonitor.o
                0x000000000800001c                init_Alarm
                0x0000000008000038                StartAlarm
                0x0000000008000046                StopAlarm
                0x0000000008000054                ST_AlarmON
                0x0000000008000088                ST_AlarmOFF
 .text          0x00000000080000b8       0xc4 driver.o
                0x00000000080000b8                Delay
                0x00000000080000d8                getPressureVal
                0x00000000080000f0                Set_Alarm_actuator
                0x000000000800012c                GPIO_INITIALIZATION
 .text          0x000000000800017c       0x18 main.o
                0x000000000800017c                main
 .text          0x0000000008000194       0x24 MainAlgorithm.o
                0x0000000008000194                highPressureDetected
 .text          0x00000000080001b8       0x90 startup.o
                0x00000000080001b8                NMI_Handler
                0x00000000080001b8                H_Fault_Handler
                0x00000000080001b8                Default_Hundler
                0x00000000080001b8                MM_Fault_Handler
                0x00000000080001b8                Bus_Fault
                0x00000000080001b8                Usage_Fault_Handler
                0x00000000080001c4                Reset_Hundler
 *(.rodata*)
                0x0000000008000248                _E_TEXT = .

.glue_7         0x0000000008000248        0x0
 .glue_7        0x0000000008000248        0x0 linker stubs

.glue_7t        0x0000000008000248        0x0
 .glue_7t       0x0000000008000248        0x0 linker stubs

.vfp11_veneer   0x0000000008000248        0x0
 .vfp11_veneer  0x0000000008000248        0x0 linker stubs

.v4_bx          0x0000000008000248        0x0
 .v4_bx         0x0000000008000248        0x0 linker stubs

.iplt           0x0000000008000248        0x0
 .iplt          0x0000000008000248        0x0 AlarmMonitor.o

.rel.dyn        0x0000000008000248        0x0
 .rel.iplt      0x0000000008000248        0x0 AlarmMonitor.o

.data           0x0000000020000000        0x0 load address 0x0000000008000248
                0x0000000020000000                _S_DATA = .
 *(.data*)
 .data          0x0000000020000000        0x0 AlarmMonitor.o
 .data          0x0000000020000000        0x0 driver.o
 .data          0x0000000020000000        0x0 main.o
 .data          0x0000000020000000        0x0 MainAlgorithm.o
 .data          0x0000000020000000        0x0 startup.o
                0x0000000020000000                . = ALIGN (0x4)
                0x0000000020000000                _E_DATA = .

.igot.plt       0x0000000020000000        0x0 load address 0x0000000008000248
 .igot.plt      0x0000000020000000        0x0 AlarmMonitor.o

.bss            0x0000000020000000     0x1404 load address 0x0000000008000248
                0x0000000020000000                _S_BSS = .
 *(.bss*)
 .bss           0x0000000020000000        0x0 AlarmMonitor.o
 .bss           0x0000000020000000        0x0 driver.o
 .bss           0x0000000020000000        0x0 main.o
 .bss           0x0000000020000000        0x0 MainAlgorithm.o
 .bss           0x0000000020000000      0x400 startup.o
                0x0000000020000400                . = ALIGN (0x4)
                0x0000000020000400                _E_BSS = .
                0x0000000020000400                . = ALIGN (0x4)
                0x0000000020001400                . = (. + 0x1000)
 *fill*         0x0000000020000400     0x1000 
                0x0000000020001400                _STACK_TOP = .
 COMMON         0x0000000020001400        0x4 AlarmMonitor.o
                0x0000000020001400                Current_Alarm_State
LOAD AlarmMonitor.o
LOAD driver.o
LOAD main.o
LOAD MainAlgorithm.o
LOAD startup.o
OUTPUT(PressureSensor.elf elf32-littlearm)

.debug_info     0x0000000000000000     0x2928
 .debug_info    0x0000000000000000      0x9fd AlarmMonitor.o
 .debug_info    0x00000000000009fd      0xa05 driver.o
 .debug_info    0x0000000000001402      0x9c0 main.o
 .debug_info    0x0000000000001dc2      0x99d MainAlgorithm.o
 .debug_info    0x000000000000275f      0x1c9 startup.o

.debug_abbrev   0x0000000000000000      0x7a1
 .debug_abbrev  0x0000000000000000      0x1a9 AlarmMonitor.o
 .debug_abbrev  0x00000000000001a9      0x1de driver.o
 .debug_abbrev  0x0000000000000387      0x1aa main.o
 .debug_abbrev  0x0000000000000531      0x187 MainAlgorithm.o
 .debug_abbrev  0x00000000000006b8       0xe9 startup.o

.debug_loc      0x0000000000000000      0x32c
 .debug_loc     0x0000000000000000       0xf4 AlarmMonitor.o
 .debug_loc     0x00000000000000f4      0x140 driver.o
 .debug_loc     0x0000000000000234       0x2c main.o
 .debug_loc     0x0000000000000260       0x50 MainAlgorithm.o
 .debug_loc     0x00000000000002b0       0x7c startup.o

.debug_aranges  0x0000000000000000       0xa0
 .debug_aranges
                0x0000000000000000       0x20 AlarmMonitor.o
 .debug_aranges
                0x0000000000000020       0x20 driver.o
 .debug_aranges
                0x0000000000000040       0x20 main.o
 .debug_aranges
                0x0000000000000060       0x20 MainAlgorithm.o
 .debug_aranges
                0x0000000000000080       0x20 startup.o

.debug_line     0x0000000000000000      0x928
 .debug_line    0x0000000000000000      0x1fc AlarmMonitor.o
 .debug_line    0x00000000000001fc      0x2de driver.o
 .debug_line    0x00000000000004da      0x1e4 main.o
 .debug_line    0x00000000000006be      0x1ed MainAlgorithm.o
 .debug_line    0x00000000000008ab       0x7d startup.o

.debug_str      0x0000000000000000      0x641
 .debug_str     0x0000000000000000      0x515 AlarmMonitor.o
                                        0x56d (size before relaxing)
 .debug_str     0x0000000000000515       0x57 driver.o
                                        0x573 (size before relaxing)
 .debug_str     0x000000000000056c        0xc main.o
                                        0x53e (size before relaxing)
 .debug_str     0x0000000000000578       0x2f MainAlgorithm.o
                                        0x542 (size before relaxing)
 .debug_str     0x00000000000005a7       0x9a startup.o
                                        0x1ba (size before relaxing)

.comment        0x0000000000000000       0x7b
 .comment       0x0000000000000000       0x7b AlarmMonitor.o
                                         0x7c (size before relaxing)
 .comment       0x000000000000007b       0x7c driver.o
 .comment       0x000000000000007b       0x7c main.o
 .comment       0x000000000000007b       0x7c MainAlgorithm.o
 .comment       0x000000000000007b       0x7c startup.o

.ARM.attributes
                0x0000000000000000       0x33
 .ARM.attributes
                0x0000000000000000       0x33 AlarmMonitor.o
 .ARM.attributes
                0x0000000000000033       0x33 driver.o
 .ARM.attributes
                0x0000000000000066       0x33 main.o
 .ARM.attributes
                0x0000000000000099       0x33 MainAlgorithm.o
 .ARM.attributes
                0x00000000000000cc       0x33 startup.o

.debug_frame    0x0000000000000000      0x1f0
 .debug_frame   0x0000000000000000       0xa0 AlarmMonitor.o
 .debug_frame   0x00000000000000a0       0xa0 driver.o
 .debug_frame   0x0000000000000140       0x2c main.o
 .debug_frame   0x000000000000016c       0x34 MainAlgorithm.o
 .debug_frame   0x00000000000001a0       0x50 startup.o
